
> point55-frontend@1.0.0 build
> next build

Ôû▓ Next.js 16.1.6 (Turbopack)
- Environments: .env.local

  Creating an optimized production build ...
node.exe : Turbopack build encountered 1 warnings:
No linha:1 caractere:1
+ & "C:\Program Files\nodejs/node.exe" "C:\Program Files\nodejs/node_mo ...
+ ~~~~~~~~~~~~~~~~~~~~~~~~~~~~~~~~~~~~~~~~~~~~~~~~~~~~~~~~~~~~~~~~~~~~~
    + CategoryInfo          : NotSpecified: (Turbopack build encountered 1 war 
   nings::String) [], RemoteException
    + FullyQualifiedErrorId : NativeCommandError
 
./src/app/admin/relatorios/relatorios.module.scss
Issue while running loader
SassWarning: Deprecation Warning on line 0, column 8 of file:///C:/Users/Victor
/Desktop/K2ON.CASA/Site%20de%20Vendas/frontend/src/app/admin/relatorios/relator
ios.module.scss:0:8:
Sass @import rules are deprecated and will be removed in Dart Sass 3.0.0.

More info and automated migrator: https://sass-lang.com/d/import

0 | @import '../admin.module.scss';


src\app\admin\relatorios\relatorios.module.scss 1:9  root stylesheet


Import traces:
  Client Component Browser:
    ./src/app/admin/relatorios/relatorios.module.scss [Client Component 
Browser]
    ./src/app/admin/relatorios/page.tsx [Client Component Browser]
    ./src/app/admin/relatorios/page.tsx [Server Component]

  Client Component SSR:
    ./src/app/admin/relatorios/relatorios.module.scss [Client Component SSR]
    ./src/app/admin/relatorios/page.tsx [Client Component SSR]
    ./src/app/admin/relatorios/page.tsx [Server Component]


Ô£ô Compiled successfully in 8.9s
  Running TypeScript ...
Failed to compile.

./src/app/checkout/page.tsx:119:38
Type error: Property 'tipo_produto_id' does not exist on type 'Product'.

[0m [90m 117 |[39m       produto_id[33m:[39m 
item[33m.[39mproduto[33m?[39m[33m.[39mid [33m||[39m 
item[33m.[39mid[33m,[39m
 [90m 118 |[39m       quantidade[33m:[39m 
item[33m.[39mquantidade[33m,[39m
[31m[1m>[22m[39m[90m 119 |[39m       tipo_produto_id[33m:[39m 
item[33m.[39mproduto[33m?[39m[33m.[39mtipo_produto_id [33m||[39m 
[36mnull[39m[33m,[39m
 [90m     |[39m                                      [31m[1m^[22m[39m
 [90m 120 |[39m     }))[33m;[39m
 [90m 121 |[39m
 [90m 122 |[39m     shippingService[0m
Next.js build worker exited with code: 1 and signal: null
